// Jest Snapshot v1, https://goo.gl/fbAQLP

exports[`matches snapshot 1`] = `
<DocumentFragment>
  <div
    class="App"
  >
    <h1>
      Todo List with React
    </h1>
    <div
      class="TodoList"
    >
      <div
        class="TodoList-form"
      >
        <form
          class="NewTodoForm"
        >
          <label
            for="task"
          >
            Add task
          </label>
          <input
            id="task"
            name="task"
            placeholder="type to-do here"
            type="text"
            value=""
          />
          <button>
            Submit To-Do
          </button>
        </form>
      </div>
      <div
        class="TodoList-todos"
      />
    </div>
  </div>
</DocumentFragment>
`;
